\BOOKMARK [1][-]{section.1}{\376\377\0001\000.\000\040\000I\000n\000t\000r\000o\000d\000u\000c\000t\000i\000o\000n\000:\000\040\000E\000s\000t\000a\000b\000l\000i\000s\000h\000i\000n\000g\000\040\000t\000h\000e\000\040\000A\000l\000g\000e\000b\000r\000a\000i\000c\000-\000G\000e\000o\000m\000e\000t\000r\000i\000c\000\040\000F\000r\000a\000m\000e\000w\000o\000r\000k}{}% 1
\BOOKMARK [1][-]{section.2}{\376\377\0002\000.\000\040\000C\000o\000m\000p\000l\000e\000t\000e\000n\000e\000s\000s\000\040\000o\000f\000\040\000M\000a\000t\000h\000e\000m\000a\000t\000i\000c\000a\000l\000\040\000F\000o\000u\000n\000d\000a\000t\000i\000o\000n\000s}{}% 2
\BOOKMARK [2][-]{subsection.2.1}{\376\377\0002\000.\0001\000.\000\040\000D\000i\000s\000c\000r\000e\000t\000e\000\040\000A\000D\000H\000M\000\040\000E\000q\000u\000a\000t\000i\000o\000n}{section.2}% 3
\BOOKMARK [2][-]{subsection.2.2}{\376\377\0002\000.\0002\000.\000\040\000T\000r\000a\000c\000e\000\040\000I\000d\000e\000n\000t\000i\000t\000y\000\040\000a\000n\000d\000\040\000T\000o\000p\000o\000l\000o\000g\000i\000c\000a\000l\000\040\000C\000h\000a\000r\000g\000e\000\040\000C\000o\000n\000s\000e\000r\000v\000a\000t\000i\000o\000n}{section.2}% 4
\BOOKMARK [2][-]{subsection.2.3}{\376\377\0002\000.\0003\000.\000\040\000M\000o\000d\000u\000l\000i\000\040\000S\000p\000a\000c\000e\000\040\000D\000i\000m\000e\000n\000s\000i\000o\000n}{section.2}% 5
\BOOKMARK [2][-]{subsection.2.4}{\376\377\0002\000.\0004\000.\000\040\000S\000y\000m\000p\000l\000e\000c\000t\000i\000c\000\040\000G\000e\000o\000m\000e\000t\000r\000y\000\040\000S\000t\000r\000u\000c\000t\000u\000r\000e}{section.2}% 6
\BOOKMARK [2][-]{subsection.2.5}{\376\377\0002\000.\0005\000.\000\040\000C\000o\000m\000p\000a\000c\000t\000n\000e\000s\000s\000\040\000T\000h\000e\000o\000r\000e\000m\000\040\000\050\000W\000i\000t\000h\000o\000u\000t\000\040\000U\000h\000l\000e\000n\000b\000e\000c\000k\000\040\000C\000o\000m\000p\000a\000c\000t\000i\000f\000i\000c\000a\000t\000i\000o\000n\000\051}{section.2}% 7
\BOOKMARK [2][-]{subsection.2.6}{\376\377\0002\000.\0006\000.\000\040\000C\000o\000n\000t\000i\000n\000u\000u\000m\000\040\000L\000i\000m\000i\000t\000\040\000C\000o\000n\000v\000e\000r\000g\000e\000n\000c\000e}{section.2}% 8
\BOOKMARK [1][-]{section.3}{\376\377\0003\000.\000\040\000D\000e\000r\000i\000v\000a\000t\000i\000o\000n\000\040\000f\000r\000o\000m\000\040\000G\000e\000o\000m\000e\000t\000r\000i\000c\000\040\000Q\000u\000a\000n\000t\000i\000z\000a\000t\000i\000o\000n}{}% 9
\BOOKMARK [2][-]{subsection.3.1}{\376\377\0003\000.\0001\000.\000\040\000S\000y\000m\000p\000l\000e\000c\000t\000i\000c\000\040\000R\000e\000d\000u\000c\000t\000i\000o\000n\000\040\000o\000f\000\040\000C\000l\000a\000s\000s\000i\000c\000a\000l\000\040\000A\000D\000H\000M}{section.3}% 10
\BOOKMARK [2][-]{subsection.3.2}{\376\377\0003\000.\0002\000.\000\040\000B\000e\000r\000e\000z\000i\000n\040\023\000T\000o\000e\000p\000l\000i\000t\000z\000\040\000Q\000u\000a\000n\000t\000i\000z\000a\000t\000i\000o\000n}{section.3}% 11
\BOOKMARK [2][-]{subsection.3.3}{\376\377\0003\000.\0003\000.\000\040\000T\000o\000p\000o\000l\000o\000g\000i\000c\000a\000l\000\040\000C\000h\000a\000r\000g\000e\000\040\000C\000o\000n\000s\000t\000r\000a\000i\000n\000t\000\040\000D\000e\000t\000e\000r\000m\000i\000n\000e\000s\000\040}{section.3}% 12
\BOOKMARK [1][-]{section.4}{\376\377\0004\000.\000\040\000A\000l\000g\000e\000b\000r\000a\000i\000c\000\040\000O\000r\000i\000g\000i\000n\000\040\000o\000f\000\040\000t\000h\000e\000\040\000M\000a\000s\000s\000\040\000G\000a\000p}{}% 13
\BOOKMARK [2][-]{subsection.4.1}{\376\377\0004\000.\0001\000.\000\040\000S\000p\000e\000c\000t\000r\000a\000l\000\040\000R\000i\000g\000i\000d\000i\000t\000y}{section.4}% 14
\BOOKMARK [2][-]{subsection.4.2}{\376\377\0004\000.\0002\000.\000\040\000M\000o\000d\000u\000l\000i\000\040\000S\000p\000a\000c\000e\000\040\000L\000a\000p\000l\000a\000c\000i\000a\000n}{section.4}% 15
\BOOKMARK [2][-]{subsection.4.3}{\376\377\0004\000.\0003\000.\000\040\000R\000e\000n\000o\000r\000m\000a\000l\000i\000z\000a\000t\000i\000o\000n\000\040\000a\000n\000d\000\040\000P\000h\000y\000s\000i\000c\000a\000l\000\040\000M\000a\000s\000s}{section.4}% 16
\BOOKMARK [1][-]{section.5}{\376\377\0005\000.\000\040\000E\000s\000t\000a\000b\000l\000i\000s\000h\000m\000e\000n\000t\000\040\000o\000f\000\040\000D\000u\000a\000l\000\040\000k\000-\000S\000c\000a\000l\000e\000\040\000S\000t\000r\000u\000c\000t\000u\000r\000e}{}% 17
\BOOKMARK [1][-]{section.6}{\376\377\0006\000.\000\040\000S\000y\000s\000t\000e\000m\000a\000t\000i\000c\000\040\000D\000e\000r\000i\000v\000a\000t\000i\000o\000n\000\040\000o\000f\000\040\000P\000h\000y\000s\000i\000c\000a\000l\000\040\000O\000b\000s\000e\000r\000v\000a\000b\000l\000e\000s}{}% 18
\BOOKMARK [2][-]{subsection.6.1}{\376\377\0006\000.\0001\000.\000\040\000N\000u\000c\000l\000e\000o\000n\000\040\000M\000a\000s\000s\000\040\000\050\000F\000e\000r\000m\000i\000o\000n\000\040\000Z\000e\000r\000o\000\040\000M\000o\000d\000e\000\040\000D\000y\000n\000a\000m\000i\000c\000s\000\051}{section.6}% 19
\BOOKMARK [2][-]{subsection.6.2}{\376\377\0006\000.\0002\000.\000\040\000\050\0001\0002\0003\0002\000\051\000\040\000R\000e\000s\000o\000n\000a\000n\000c\000e\000\040\000M\000a\000s\000s\000\040\000\050\000S\000p\000i\000n\000-\0003\000/\0002\000\040\000E\000x\000c\000i\000t\000a\000t\000i\000o\000n\000\051}{section.6}% 20
\BOOKMARK [2][-]{subsection.6.3}{\376\377\0006\000.\0003\000.\000\040\0003\000-\000F\000l\000a\000v\000o\000r\000\040\000B\000a\000r\000y\000o\000n\000\040\000S\000p\000e\000c\000t\000r\000u\000m\000\040\000L\000i\000n\000e\000a\000r\000\040\000k\000-\000S\000c\000a\000l\000i\000n\000g\000\040\000L\000a\000w}{section.6}% 21
\BOOKMARK [2][-]{subsection.6.4}{\376\377\0006\000.\0004\000.\000\040\000G\000l\000u\000e\000b\000a\000l\000l\000\040\000S\000p\000e\000c\000t\000r\000u\000m}{section.6}% 22
\BOOKMARK [2][-]{subsection.6.5}{\376\377\0006\000.\0005\000.\000\040\000'\000\040\000M\000e\000s\000o\000n\000\040\000M\000a\000s\000s\000\040\000\050\000U\000\050\0001\000\051\000A\000\040\000P\000r\000o\000b\000l\000e\000m\000\040\000S\000o\000l\000u\000t\000i\000o\000n\000\051}{section.6}% 23
\BOOKMARK [2][-]{subsection.6.6}{\376\377\0006\000.\0006\000.\000\040\000\040\000M\000e\000s\000o\000n\000\040\000M\000a\000s\000s}{section.6}% 24
\BOOKMARK [2][-]{subsection.6.7}{\376\377\0006\000.\0007\000.\000\040\000S\000t\000r\000i\000n\000g\000\040\000T\000e\000n\000s\000i\000o\000n\000\040\000a\000n\000d\000\040\000C\000o\000l\000o\000r\000\040\000C\000o\000n\000f\000i\000n\000e\000m\000e\000n\000t}{section.6}% 25
\BOOKMARK [2][-]{subsection.6.8}{\376\377\0006\000.\0008\000.\000\040\000C\000h\000i\000r\000a\000l\000\040\000C\000o\000n\000d\000e\000n\000s\000a\000t\000e}{section.6}% 26
\BOOKMARK [2][-]{subsection.6.9}{\376\377\0006\000.\0009\000.\000\040\000P\000h\000a\000s\000e\000\040\000T\000r\000a\000n\000s\000i\000t\000i\000o\000n\000\040\000T\000e\000m\000p\000e\000r\000a\000t\000u\000r\000e\000s}{section.6}% 27
\BOOKMARK [1][-]{section.7}{\376\377\0007\000.\000\040\000-\000V\000a\000c\000u\000u\000m\000\040\000a\000n\000d\000\040\000S\000t\000r\000o\000n\000g\000\040\000`\0003\003\001\0009\000`\0004\0002\000`\000"\003\007\0006\0001\0003\000A\000`\000`\0004\0005\000`\0004\0007\000`\000"\0006\0000\0003\000A\000C\000P\000\040\000P\000r\000o\000b\000l\000e\000m}{}% 28
\BOOKMARK [1][-]{section.8}{\376\377\0008\000.\000\040\000F\000i\000n\000i\000t\000e\000\040\000D\000e\000n\000s\000i\000t\000y\000\040\000Q\000C\000D\000\040\000a\000n\000d\000\040\000C\000r\000i\000t\000i\000c\000a\000l\000\040\000E\000n\000d\000p\000o\000i\000n\000t}{}% 29
\BOOKMARK [1][-]{section.9}{\376\377\0009\000.\000\040\000P\000a\000r\000a\000m\000e\000t\000e\000r\000\040\000S\000e\000l\000f\000-\000C\000o\000n\000s\000i\000s\000t\000e\000n\000c\000y\000\040\000a\000n\000d\000\040\000E\000x\000p\000e\000r\000i\000m\000e\000n\000t\000a\000l\000\040\000V\000e\000r\000i\000f\000i\000c\000a\000t\000i\000o\000n}{}% 30
\BOOKMARK [2][-]{subsection.9.1}{\376\377\0009\000.\0001\000.\000\040\000U\000n\000i\000f\000i\000e\000d\000\040\000P\000a\000r\000a\000m\000e\000t\000e\000r\000\040\000S\000e\000t}{section.9}% 31
\BOOKMARK [2][-]{table.3}{\376\377\0009\000.\0002\000.\000\040\0001\0004\000\040\000P\000r\000e\000d\000i\000c\000t\000i\000o\000n\000s\000\040\000v\000s\000.\000\040\000E\000x\000p\000e\000r\000i\000m\000e\000n\000t}{section.9}% 32
\BOOKMARK [2][-]{subsection.9.3}{\376\377\0009\000.\0003\000.\000\040\000I\000n\000t\000e\000r\000n\000a\000l\000\040\000C\000o\000n\000s\000i\000s\000t\000e\000n\000c\000y\000\040\000C\000h\000e\000c\000k\000s}{section.9}% 33
\BOOKMARK [2][-]{subsection.9.4}{\376\377\0009\000.\0004\000.\000\040\000N\000u\000m\000e\000r\000i\000c\000a\000l\000\040\000V\000e\000r\000i\000f\000i\000c\000a\000t\000i\000o\000n\000\040\000\050\000H\000a\000m\000i\000l\000t\000o\000n\000i\000a\000n\000\040\000M\000o\000n\000t\000e\000\040\000C\000a\000r\000l\000o\000\051}{section.9}% 34
\BOOKMARK [1][-]{section.10}{\376\377\0001\0000\000.\000\040\000D\000e\000t\000e\000r\000m\000i\000n\000a\000t\000i\000o\000n\000\040\000o\000f\000\040\000T\000h\000e\000o\000r\000e\000t\000i\000c\000a\000l\000\040\000S\000t\000a\000t\000u\000s}{}% 35
\BOOKMARK [1][-]{section.11}{\376\377\0001\0001\000.\000\040\000O\000p\000e\000n\000\040\000P\000r\000o\000b\000l\000e\000m\000s\000\040\000a\000n\000d\000\040\000N\000e\000x\000t\000\040\000S\000t\000e\000p\000s}{}% 36
\BOOKMARK [2][-]{subsection.11.1}{\376\377\0001\0001\000.\0001\000.\000\040\000S\000o\000l\000v\000e\000d\000\040\000"\0004\0005\0008}{section.11}% 37
\BOOKMARK [2][-]{subsection.11.2}{\376\377\0001\0001\000.\0002\000.\000\040\000T\000o\000\040\000B\000e\000\040\000S\000o\000l\000v\000e\000d\000\040}{section.11}% 38
\BOOKMARK [2][-]{subsection.11.3}{\376\377\0001\0001\000.\0003\000.\000\040\000L\000e\000v\000e\000l\000\040\0004\000\040\000G\000o\000a\000l\000\040\000\050\000A\000d\000S\000/\000Q\000C\000D\000\040\000D\000u\000a\000l\000i\000t\000y\000\051}{section.11}% 39
\BOOKMARK [1][-]{appendix.A}{\376\377\000A\000p\000p\000e\000n\000d\000i\000x\000\040\000A\000.\000\040\000C\000o\000m\000p\000l\000e\000t\000e\000\040\000F\000o\000r\000m\000u\000l\000a\000\040\000I\000n\000d\000e\000x}{}% 40
\BOOKMARK [1][-]{appendix.B}{\376\377\000A\000p\000p\000e\000n\000d\000i\000x\000\040\000B\000.\000\040\000T\000r\000a\000c\000e\000\040\000F\000o\000r\000m\000u\000l\000a\000\040\000\050\000P\000a\000r\000t\000i\000t\000i\000o\000n\000\040\000F\000u\000n\000c\000t\000i\000o\000n\000\051}{}% 41
